PLAID STATUS: 200
PLAID RESPONSE: {
    "expiration": "2026-08-17T13:01:05Z",
    "hosted_link_url": "https://secure.plaid.com/hl/ls38pspr9353q798n1o7o188o061pp8069",
    "link_token": "link-sandbox-83cfce48-08d2-43a6-b2b6-33b516cc3514",
    "request_id": "2ded6d49ab5094a"
}
Verifying Success Status Code. Expected: 200
Status Code verification passed.
Verifying Header: Content-Type
Header 'Content-Type' verification passed.
Verifying field 'link_token' exists.
Field 'link_token' existence verification passed.
Verifying field 'expiration' exists.
Field 'expiration' existence verification passed.
Verifying field 'request_id' exists.
Field 'request_id' existence verification passed.
Verifying field 'hosted_link_url' exists.
Field 'hosted_link_url' existence verification passed.
Verifying Response Body.
Response Body verification passed.
