PLAID STATUS: 200
PLAID RESPONSE: {
    "expiration": "2026-08-17T12:54:35Z",
    "hosted_link_url": "https://secure.plaid.com/hl/ls6q5q97n6181p900144n3374p1s132o48",
    "link_token": "link-sandbox-1d0d42a1-636c-4556-99a8-829c6f687b93",
    "request_id": "9a5ea2b8978b600"
}
Verifying Success Status Code. Expected: 200
Status Code verification passed.
Verifying Header: Content-Type
Header 'Content-Type' verification passed.
Verifying field 'link_token' exists.
Field 'link_token' existence verification passed.
Verifying field 'expiration' exists.
Field 'expiration' existence verification passed.
Verifying field 'request_id' exists.
Field 'request_id' existence verification passed.
Verifying field 'hosted_link_url' exists.
Field 'hosted_link_url' existence verification passed.
Verifying Response Body.
Response Body verification passed.
