PLAID STATUS: 200
PLAID RESPONSE: {
    "expiration": "2026-08-17T12:16:10Z",
    "hosted_link_url": "https://secure.plaid.com/hl/lsr19316q89o2r9n3p348p355294ops060",
    "link_token": "link-sandbox-e64861d3-4b7e-4a8c-893c-800749bcf515",
    "request_id": "98d050cfd0214af"
}
Verifying Success Status Code. Expected: 200
Status Code verification passed.
Verifying Header: Content-Type
Header 'Content-Type' verification passed.
Verifying field 'link_token' exists.
Field 'link_token' existence verification passed.
Verifying field 'expiration' exists.
Field 'expiration' existence verification passed.
Verifying field 'request_id' exists.
Field 'request_id' existence verification passed.
Verifying field 'hosted_link_url' exists.
Field 'hosted_link_url' existence verification passed.
Verifying Response Body.
Response Body verification passed.
