PLAID STATUS: 200
PLAID RESPONSE: {
    "expiration": "2026-08-17T09:48:31Z",
    "hosted_link_url": "https://secure.plaid.com/hl/lsqn04n727p45r930rn3qs746q5r1rn56n",
    "link_token": "link-sandbox-da59a272-c90e-485e-a8df-291d0e6ea01a",
    "request_id": "199a0c38f2cfaa8"
}
Verifying Success Status Code. Expected: 200
Status Code verification passed.
Verifying Header: Content-Type
Header 'Content-Type' verification passed.
Verifying field 'link_token' exists.
Field 'link_token' existence verification passed.
Verifying field 'expiration' exists.
Field 'expiration' existence verification passed.
Verifying field 'request_id' exists.
Field 'request_id' existence verification passed.
Verifying field 'hosted_link_url' exists.
Field 'hosted_link_url' existence verification passed.
Verifying Response Body.
Response Body verification passed.
