PLAID STATUS: 200
PLAID RESPONSE: {
    "expiration": "2026-08-17T12:25:52Z",
    "hosted_link_url": "https://secure.plaid.com/hl/ls671n57nn131r9ronnq386rnro8r1r8pq",
    "link_token": "link-sandbox-126a02aa-686e-4eba-ad83-1eaeb3e6e3cd",
    "request_id": "47aa87c563eebb3"
}
Verifying Success Status Code. Expected: 200
Status Code verification passed.
Verifying Header: Content-Type
Header 'Content-Type' verification passed.
Verifying field 'link_token' exists.
Field 'link_token' existence verification passed.
Verifying field 'expiration' exists.
Field 'expiration' existence verification passed.
Verifying field 'request_id' exists.
Field 'request_id' existence verification passed.
Verifying field 'hosted_link_url' exists.
Field 'hosted_link_url' existence verification passed.
Verifying Response Body.
Response Body verification passed.
