PLAID STATUS: 200
PLAID RESPONSE: {
    "expiration": "2026-08-17T12:51:44Z",
    "hosted_link_url": "https://secure.plaid.com/hl/lsnn65ppn70qo49q87noo8q219np030114",
    "link_token": "link-sandbox-aa10cca2-5db9-4d32-abb3-d764ac585669",
    "request_id": "61300d9d27d9520"
}
Verifying Success Status Code. Expected: 200
Status Code verification passed.
Verifying Header: Content-Type
Header 'Content-Type' verification passed.
Verifying field 'link_token' exists.
Field 'link_token' existence verification passed.
Verifying field 'expiration' exists.
Field 'expiration' existence verification passed.
Verifying field 'request_id' exists.
Field 'request_id' existence verification passed.
Verifying field 'hosted_link_url' exists.
Field 'hosted_link_url' existence verification passed.
Verifying Response Body.
Response Body verification passed.
