PLAID STATUS: 200
PLAID RESPONSE: {
    "expiration": "2026-08-17T13:19:38Z",
    "hosted_link_url": "https://secure.plaid.com/hl/ls29r77pqprso1905so7301s8q5qs3qnpo",
    "link_token": "link-sandbox-74e22cdc-efb6-450f-b285-6f3d0df8dacb",
    "request_id": "f758bbe07e90785"
}
Verifying Success Status Code. Expected: 200
Status Code verification passed.
Verifying Header: Content-Type
Header 'Content-Type' verification passed.
Verifying field 'link_token' exists.
Field 'link_token' existence verification passed.
Verifying field 'expiration' exists.
Field 'expiration' existence verification passed.
Verifying field 'request_id' exists.
Field 'request_id' existence verification passed.
Verifying field 'hosted_link_url' exists.
Field 'hosted_link_url' existence verification passed.
Verifying Response Body.
Response Body verification passed.
