PLAID STATUS: 200
PLAID RESPONSE: {
    "expiration": "2026-08-17T09:33:25Z",
    "hosted_link_url": "https://secure.plaid.com/hl/ls16q1p27755r19675o84q793r26833462",
    "link_token": "link-sandbox-61d6c722-00e6-4120-b39d-248e71388917",
    "request_id": "3b5527bb5a702bb"
}
Verifying Success Status Code. Expected: 200
Status Code verification passed.
Verifying Header: Content-Type
Header 'Content-Type' verification passed.
Verifying field 'link_token' exists.
Field 'link_token' existence verification passed.
Verifying field 'expiration' exists.
Field 'expiration' existence verification passed.
Verifying field 'request_id' exists.
Field 'request_id' existence verification passed.
Verifying field 'hosted_link_url' exists.
Field 'hosted_link_url' existence verification passed.
Verifying Response Body.
Response Body verification passed.
